WARNING: A terminally deprecated method in sun.misc.Unsafe has been called
WARNING: sun.misc.Unsafe::objectFieldOffset has been called by lombok.permit.Permit
WARNING: Please consider reporting this to the maintainers of class lombok.permit.Permit
WARNING: sun.misc.Unsafe::objectFieldOffset will be removed in a future release
Language 'en-US' loaded successfully.
(ThreadUtil first call): Running with priority 5
Read cards: 33682 files in 0 ms (25 parts) using thread pool
Upcoming set Star Trek (TRK) dated in the future. All `upcoming` cards will be added to this set with unknown rarity.
The card A-Alrund's Epiphany was not assigned to any set. Adding it to UNKNOWN set... to fix see res/editions/ folder. 
The card A-Baba Lysaga, Night Witch was not assigned to any set. Adding it to UNKNOWN set... to fix see res/editions/ folder. 
The card A-Divide by Zero was not assigned to any set. Adding it to UNKNOWN set... to fix see res/editions/ folder. 
The card A-Esika's Chariot was not assigned to any set. Adding it to UNKNOWN set... to fix see res/editions/ folder. 
The card A-Faceless Haven was not assigned to any set. Adding it to UNKNOWN set... to fix see res/editions/ folder. 
The card A-Fires of Invention was not assigned to any set. Adding it to UNKNOWN set... to fix see res/editions/ folder. 
The card A-Goldspan Dragon was not assigned to any set. Adding it to UNKNOWN set... to fix see res/editions/ folder. 
The card A-Hullbreaker Horror was not assigned to any set. Adding it to UNKNOWN set... to fix see res/editions/ folder. 
The card A-Kumano Faces Kakkazan was not assigned to any set. Adding it to UNKNOWN set... to fix see res/editions/ folder. 
The card A-Luminarch Aspirant was not assigned to any set. Adding it to UNKNOWN set... to fix see res/editions/ folder. 
The card A-Monster Manual was not assigned to any set. Adding it to UNKNOWN set... to fix see res/editions/ folder. 
The card A-Omnath, Locus of Creation was not assigned to any set. Adding it to UNKNOWN set... to fix see res/editions/ folder. 
The card A-The Meathook Massacre was not assigned to any set. Adding it to UNKNOWN set... to fix see res/editions/ folder. 
The card A-Unholy Heat was not assigned to any set. Adding it to UNKNOWN set... to fix see res/editions/ folder. 
The card Blinding Radiance was not assigned to any set. Adding it to UNKNOWN set... to fix see res/editions/ folder. 
The card Goblin Bruiser was not assigned to any set. Adding it to UNKNOWN set... to fix see res/editions/ folder. 
The card Ogre Painbringer was not assigned to any set. Adding it to UNKNOWN set... to fix see res/editions/ folder. 
The card Titanic Pelagosaur was not assigned to any set. Adding it to UNKNOWN set... to fix see res/editions/ folder. 
The card Treetop Recluse was not assigned to any set. Adding it to UNKNOWN set... to fix see res/editions/ folder. 
Upcoming set Star Trek (TRK) dated in the future. All `upcoming` cards will be added to this set with unknown rarity.
Read cards: 839 files in 0 ms (8 parts) using thread pool
WARNING: A terminally deprecated method in sun.misc.Unsafe has been called
WARNING: sun.misc.Unsafe::objectFieldOffset has been called by com.google.common.util.concurrent.AbstractFuture$UnsafeAtomicHelper (file:/C:/Users/nicol/.m2/repository/com/google/guava/guava/33.3.1-android/guava-33.3.1-android.jar)
WARNING: Please consider reporting this to the maintainers of class com.google.common.util.concurrent.AbstractFuture$UnsafeAtomicHelper
WARNING: sun.misc.Unsafe::objectFieldOffset will be removed in a future release
SubAbility 'DBCleanup' not found for: Casey & Raph, Hotheads
SubAbility 'DBCleanup' not found for: Casey & Raph, Hotheads
SubAbility 'DBEffect' not found for: Circadian Struggle
SubAbility 'DBEffect' not found for: Circadian Struggle
SubAbility 'DBCleanup' not found for: Spirit of Resilience
SubAbility 'DBCleanup' not found for: Spirit of Resilience
SubAbility 'DBCharm' not found for: Typhoid Mary, Fractured
SubAbility 'DBCharm' not found for: Typhoid Mary, Fractured
SubAbility 'DBPutCounter' not found for: Withering Curse
SubAbility 'DBPutCounter' not found for: Withering Curse
SubAbility 'DBAttach' not found for: Worzel, the Protector
SubAbility 'DBAttach' not found for: Worzel, the Protector
unique names consulted: 33232
wall clock total: 9 s; old path 1400 ms; new path (dummy game) 4291 ms

BEFORE (owner null => id -1) by category:
{instant-sorcery={uncastable=7296}, land={uncastable=1156}, permanent={castable=24780}}

AFTER (explicit id, dummy game) by category:
{instant-sorcery={castable=7296}, land={castable=8, uncastable=1148}, permanent={castable=24780}}

AFTER (explicit id, null game) by category:
{instant-sorcery={castable=7296}, land={castable=8, threw=1, uncastable=1147}, permanent={castable=24778, threw=2}}

TYPE RULE vs ENGINE (dummy game):
{instant-sorcery={type=castable engine=castable=7296}, land={type=uncastable engine=castable=8, type=uncastable engine=uncastable=1148}, permanent={type=castable engine=castable=24780}}

threw with dummy game (0):


threw with null game (3):
Bloom Tender [permanent] threw NullPointerException: Cannot invoke "forge.game.Game.getCardsIn(forge.game.zone.ZoneType)" because "game" is null
Faeburrow Elder [permanent] threw NullPointerException: Cannot invoke "forge.game.Game.getCardsIn(forge.game.zone.ZoneType)" because "game" is null
Tarnation Vista [land] threw NullPointerException: Cannot invoke "forge.game.Game.getCardsIn(forge.game.zone.ZoneType)" because "game" is null

null game disagrees with dummy game (3):
Bloom Tender [permanent] dummy=castable null=threw NullPointerException: Cannot invoke "forge.game.Game.getCardsIn(forge.game.zone.ZoneType)" because "game" is null
Faeburrow Elder [permanent] dummy=castable null=threw NullPointerException: Cannot invoke "forge.game.Game.getCardsIn(forge.game.zone.ZoneType)" because "game" is null
Tarnation Vista [land] dummy=uncastable null=threw NullPointerException: Cannot invoke "forge.game.Game.getCardsIn(forge.game.zone.ZoneType)" because "game" is null

castable before, not castable after (0):


type rule castable, engine not castable (0):


type rule uncastable, engine castable (8):
Branch of Vitu-Ghazi [land] | type line: Land
Ishgard, the Holy See [land] | type line: Land - Town
Jidoor, Aristocratic Capital [land] | type line: Land - Town
Lindblum, Industrial Regency [land] | type line: Land - Town
Midgar, City of Mako [land] | type line: Land - Town
Value Town [land] | type line: Land - Town
Zanarkand, Ancient Metropolis [land] | type line: Land - Town
Zoetic Cavern [land] | type line: Land

